--- STARTING BACKEND TESTS ---
Γ£à Health Check Passed: Rentlify Backend is running!

Testing Registration for: test.customer.1769848981261@example.com
node : Γ¥î 
Registration Failed: 
Internal Server Error
At line:1 char:1
+ node backend_test_s
cript.js > 
test_output.txt 2>&1
+ ~~~~~~~~~~~~~~~~~~~
~~~~~~~~~~~~~~~~~~~~~
~~~~~~~~~~
    + CategoryInfo   
           : NotSpe  
  cified: (Γ¥î Reg   
 istratio...al Se    
rver Error:Strin    
g) [], RemoteExc    
eption
    + FullyQualified 
   ErrorId : Native  
  CommandError
 

Testing Vendor Registration for: test.vendor.1769848981319@example.com
Γ¥î Vendor 
Registration Failed: 
Internal Server Error

--- TESTS COMPLETED ---
